Anotações do curos de Git/GitHub

$ git status
On branch main
Your branch is up to date with 'origin/main'.

Untracked files:
  (use "git add <file>..." to include in what will be committed)
        ./

nothing added to commit but untracked files present (use "git add" to track)

João Elias P. Reis@DESKTOP-ES12U3D MINGW64 ~/Documents/Developer/Git/DIO/Desafio-DIO-Github-1-Repository/Introdução - Curso Git-GitHub (main)
$ git add .

João Elias P. Reis@DESKTOP-ES12U3D MINGW64 ~/Documents/Developer/Git/DIO/Desafio-DIO-Github-1-Repository/Introdução - Curso Git-GitHub (main)
$ git status
On branch main
Your branch is up to date with 'origin/main'.

Changes to be committed:
  (use "git restore --staged <file>..." to unstage)
        new file:   "Anota\303\247\303\265es.txt"


João Elias P. Reis@DESKTOP-ES12U3D MINGW64 ~/Documents/Developer/Git/DIO/Desafio-DIO-Github-1-Repository/Introdução - Curso Git-GitHub (main)
$ git commit -m "Inclusão das anotações do curso de Git/GitHub"
[main 21d0dbb] Inclusão das anotações do curso de Git/GitHub
 1 file changed, 1 insertion(+)
 create mode 100644 "Introdu\303\247\303\243o - Curso Git-GitHub/Anota\303\247\303\265es.txt"

João Elias P. Reis@DESKTOP-ES12U3D MINGW64 ~/Documents/Developer/Git/DIO/Desafio-DIO-Github-1-Repository/Introdução - Curso Git-GitHub (main)
$ git push origin main
Enumerating objects: 5, done.
Counting objects: 100% (5/5), done.
Delta compression using up to 4 threads
Compressing objects: 100% (2/2), done.
Writing objects: 100% (4/4), 421 bytes | 210.00 KiB/s, done.
Total 4 (delta 0), reused 0 (delta 0), pack-reused 0
To https://github.com/Padawan-ObiWan-Kenobi/Desafio-DIO-Github-1-Repository.git
   6af8dfb..21d0dbb  main -> main
